http://www.example.com/sitemap1.xml.gz
2004-10-01T18:23:17Z
http://www.example.com/sitemap2.xml.gz
2005-01-01T00:00:00Z
http://www.example.com/sitemap3.xml.gz
